// Jest Snapshot v1, https://goo.gl/fbAQLP

exports[`MailComposerContent SIGNATURE - Golen Master SNAPSHOT WITH MINIMAL STATE 1`] = `
"<div class=\\"mail-viewer-content-loading flex-grow-1 mx-2\\">
  <div class=\\"b-skeleton b-skeleton-text b-skeleton-animate-null\\" style=\\"width: 20%;\\"></div>
  <div class=\\"b-skeleton b-skeleton-text b-skeleton-animate-null\\" style=\\"width: 100%;\\"></div>
  <div class=\\"b-skeleton b-skeleton-text b-skeleton-animate-null\\" style=\\"width: 100%;\\"></div>
  <div class=\\"b-skeleton b-skeleton-text b-skeleton-animate-null\\" style=\\"width: 60%;\\"></div>
  <div class=\\"b-skeleton b-skeleton-text b-skeleton-animate-null\\" style=\\"width: 100%;\\"></div>
  <div class=\\"b-skeleton b-skeleton-text b-skeleton-animate-null\\" style=\\"width: 100%;\\"></div>
  <div class=\\"b-skeleton b-skeleton-text b-skeleton-animate-null\\" style=\\"width: 50%;\\"></div> <br>
  <div class=\\"b-skeleton b-skeleton-text b-skeleton-animate-null\\" style=\\"width: 20%;\\"></div>
  <div class=\\"b-skeleton b-skeleton-text b-skeleton-animate-null\\" style=\\"width: 15%;\\"></div>
</div>"
`;
