// Jest Snapshot v1, https://goo.gl/fbAQLP

exports[`MailToolbarConsultMessage should match snapshot 1`] = `
<div
  class="mail-toolbar-consult-message"
>
  <button
    class="btn unread btn-simple-dark"
    style="display: none;"
    type="button"
  >
    <svg
      aria-hidden="true"
      class="svg-inline--fa fa-read fa-w-16 fa-2x"
      data-icon="read"
      data-prefix="fas"
      focusable="false"
      role="img"
      viewBox="0 0 12 12"
      xmlns="http://www.w3.org/2000/svg"
    >
      <path
        class=""
        d="M5.70239,0.0982214 c 0.17679,-0.1309619 0.41843,-0.1309619 0.59522,0 L 10.7976,3.43155 C 10.9249,3.52585 11,3.67491 11,3.83333 V 10.5 c 0,0.2761 -0.2239,0.5 -0.5,0.5 h -9 C 1.22386,11 1,10.7761 1,10.5 V 3.83333 C 1,3.67491 1.07508,3.52585 1.20239,3.43155 Z M 10,10 V 4.43427 L 6.00001,7.10093 2,4.43426 V 10 Z M 9.20998,3.5 6,1.12223 2.79002,3.5 h 6.41996"
        fill="currentColor"
      />
    </svg>
     
    <span
      class="d-none d-lg-block"
    >
       
    </span>
  </button>
   
  <button
    class="btn read btn-simple-dark"
    type="button"
  >
    <svg
      aria-hidden="true"
      class="svg-inline--fa fa-unread fa-w-16 fa-2x"
      data-icon="unread"
      data-prefix="fas"
      focusable="false"
      role="img"
      viewBox="0 0 12 12"
      xmlns="http://www.w3.org/2000/svg"
    >
      <path
        class=""
        d="M 4,9.5007 V 11 h 7 V 6.65849 L 7.49995,9.65853 4,6.65857 V 9.4993 9.5 Z M 1.14645,9.85355 C 1.05268,9.75978 1,9.63261 1,9.5 l 3e-5,-5.75 c 0,-0.15738 0.07409,-0.30557 0.2,-0.4 l 4.3,-3.225 4.3,3.225 c 0.22087,0.16569 0.26567,0.47909 0.1,0.7 -0.16569,0.22091 -0.47909,0.26568 -0.7,0.1 L 5.50003,1.375 2.00003,4 2,9 H 3 V 6 C 3,5.44771 3.44771,5 4,5 h 7 c 0.5523,0 1,0.44771 1,1 v 5 c 0,0.5523 -0.4477,1 -1,1 H 4 C 3.44771,12 3,11.5523 3,11 V 10 H 1.5 C 1.36739,10 1.24021,9.94732 1.14645,9.85355 Z M 11,6.00004 V 6 6 Z M 10.2316,6 H 4.76826 l 2.73169,2.34145 z"
        fill="currentColor"
      />
    </svg>
     
    <span
      class="d-none d-lg-block"
    >
      
    </span>
  </button>
   
  <div
    class="dropdown b-dropdown h-100 move-message btn-group"
  >
    <!---->
    <button
      aria-expanded="false"
      aria-haspopup="true"
      class="btn dropdown-toggle btn-simple-dark dropdown-toggle-no-caret"
      type="button"
    >
      <svg
        aria-hidden="true"
        class="svg-inline--fa fa-folder fa-w-16 fa-2x"
        data-icon="folder"
        data-prefix="fas"
        focusable="false"
        role="img"
        viewBox="0 0 12 12"
        xmlns="http://www.w3.org/2000/svg"
      >
        <path
          class=""
          d="M1.29219,11 h 8.2189 c 0.23,0 0.43,-0.16 0.48,-0.38 l 2.00001,-7 c 0.04,-0.15 0,-0.31 -0.09,-0.43 C 11.8111,3.07 11.6611,3 11.5111,3 l -5.08001,1e-5 -0.86,-0.85 c -0.09,-0.1 -0.22,-0.15 -0.35,-0.15 L 3.2922,2 c -0.24,0 -0.44,0.16 -0.49,0.39 L 2.6497,2.99999 H 0.501098 c -0.15,0 -0.29,0.06 -0.39,0.19 -0.0999996,0.12 -0.1299996,0.27 -0.0999996,0.42 L 0.631108,10.5359 C 0.672569,10.7266 0.892806,10.904 1.09796,10.9591 1.15883,10.9857 1.22449,11 1.29219,11 Z M 1.1211,3.99999 H 2.3997 L 1.41882,7.9235 Z M 9.12109,10 h -7.2089 l 1.78001,-7 1.31889,1e-5 0.86,0.85 c 0.09,0.1 0.22,0.15 0.35,0.15 L 10.8711,4 Z"
          fill="currentColor"
        />
      </svg>
       
      <span
        class="d-none d-lg-block"
      >
         
      </span>
    </button>
    <ul
      class="dropdown-menu"
      role="menu"
      tabindex="-1"
    >
      <!---->
        
      <li
        class="bm-dropdown-autocomplete"
        role="presentation"
      >
        <!---->
        <ul
          class="list-unstyled"
          role="group"
        >
          <li
            role="presentation"
          >
            <form
              class="b-dropdown-form"
              tabindex="-1"
            >
              <div
                class="bm-form-input position-relative"
              >
                <input
                  autocomplete="off"
                  class="form-control pr-4"
                  icon="search"
                  type="text"
                />
                 
                <div
                  class="icon-wrapper position-absolute"
                >
                  <svg
                    aria-hidden="true"
                    class="icon h-100 svg-inline--fa fa-search fa-w-16"
                    data-icon="search"
                    data-prefix="fas"
                    focusable="false"
                    role="img"
                    viewBox="0 0 12 12"
                    xmlns="http://www.w3.org/2000/svg"
                  >
                    <path
                      class=""
                      d="M9.01595 8.30884C9.63176 7.53901 10 6.56251 10 5.5C10 3.01472 7.98528 1 5.5 1C3.01472 1 1 3.01472 1 5.5C1 7.98528 3.01472 10 5.5 10C6.56251 10 7.53901 9.63176 8.30884 9.01595L11.1464 11.8536C11.3417 12.0488 11.6583 12.0488 11.8536 11.8536C12.0488 11.6583 12.0488 11.3417 11.8536 11.1464L9.01595 8.30884ZM9 5.5C9 7.433 7.433 9 5.5 9C3.567 9 2 7.433 2 5.5C2 3.567 3.567 2 5.5 2C7.433 2 9 3.567 9 5.5Z"
                      fill="currentColor"
                    />
                  </svg>
                </div>
              </div>
            </form>
          </li>
           
          <li
            role="presentation"
          >
            <hr
              aria-orientation="horizontal"
              class="dropdown-divider"
              role="separator"
            />
          </li>
           
        </ul>
      </li>
       
      <li
        role="presentation"
      >
        <hr
          aria-orientation="horizontal"
          class="dropdown-divider"
          role="separator"
        />
      </li>
       
      <li
        class="new-folder position-relative"
        role="presentation"
      >
        <form
          class="b-dropdown-form"
          tabindex="-1"
        >
          <div
            class="mail-folder-input flex-fill d-flex align-items-center position-relative pl-2 pr-1 border-bottom"
          >
            <svg
              aria-hidden="true"
              class="svg-inline--fa fa-plus fa-w-16 fa-fw"
              data-icon="plus"
              data-prefix="fas"
              focusable="false"
              role="img"
              viewBox="0 0 12 12"
              xmlns="http://www.w3.org/2000/svg"
            >
              <path
                class=""
                d="M11 5H7V1H5V5H1V7H5V11H7V7H11V5Z"
                fill="currentColor"
              />
            </svg>
             
            <div
              class="bm-form-input position-relative d-inline-block flex-fill"
            >
              <input
                class="form-control pr-4"
                reset="true"
                type="text"
              />
               
              <!---->
            </div>
             
            <!---->
          </div>
        </form>
      </li>
    </ul>
  </div>
   
  <button
    class="btn btn-simple-dark"
    type="button"
  >
    <svg
      aria-hidden="true"
      class="svg-inline--fa fa-trash fa-w-16 fa-2x"
      data-icon="trash"
      data-prefix="fas"
      focusable="false"
      role="img"
      viewBox="0 0 12 12"
      xmlns="http://www.w3.org/2000/svg"
    >
      <path
        class=""
        d="M7.5 3H5.5H2.5C2.22 3 2 2.78 2 2.5C2 2.22 2.22 2 2.5 2H5V0.5C5 0.22 5.22 0 5.5 0H7.5C7.78 0 8 0.22 8 0.5V2H10.5C10.78 2 11 2.22 11 2.5C11 2.78 10.78 3 10.5 3H7.5ZM7 2V1H6V2H7ZM5.5 11H3.5C3.22 11 3 10.78 3 10.5V4.5C3 4.22 3.22 4 3.5 4C3.78 4 4 4.22 4 4.5V10H5V4.5C5 4.22 5.22 4 5.5 4C5.78 4 6 4.22 6 4.5V10H7V4.5C7 4.22 7.22 4 7.5 4C7.78 4 8 4.22 8 4.5V10H9V4.5C9 4.22 9.22 4 9.5 4C9.78 4 10 4.22 10 4.5V10.5C10 10.78 9.78 11 9.5 11H7.5H5.5Z"
        fill="currentColor"
      />
    </svg>
     
    <span
      class="d-none d-lg-block"
    >
      
    </span>
  </button>
   
  <button
    class="btn flagged btn-simple-dark"
    type="button"
  >
    <svg
      aria-hidden="true"
      class="svg-inline--fa fa-flag-outline fa-w-16 fa-2x"
      data-icon="flag-outline"
      data-prefix="fas"
      focusable="false"
      role="img"
      viewBox="0 0 12 12"
      xmlns="http://www.w3.org/2000/svg"
    >
      <path
        class=""
        d="M 12,1 10.125,4 12,7 3,7 3,11.5 C 3,11.7761 2.77614,12 2.5,12 2.22386,12 2,11.7761 2,11.5 L 2,1 Z M 3,6 10.1958,6 8.94575,4 10.1958,2 3,2 Z"
        fill="currentColor"
      />
    </svg>
     
    <span
      class="d-none d-lg-block"
    >
       
    </span>
  </button>
   
  <button
    class="btn unflagged btn-simple-dark"
    style="display: none;"
    type="button"
  >
    <svg
      aria-hidden="true"
      class="svg-inline--fa fa-flag-fill fa-w-16 fa-2x"
      data-icon="flag-fill"
      data-prefix="fas"
      focusable="false"
      role="img"
      viewBox="0 0 12 12"
      xmlns="http://www.w3.org/2000/svg"
    >
      <path
        class=""
        d="M12 1L10.125 4L12 7H3V11.5C3 11.7761 2.77614 12 2.5 12C2.22386 12 2 11.7761 2 11.5V7V1H3H12ZM3 2H10.1958L8.94575 4L10.1958 6H3V2Z"
        fill="currentColor"
      />
    </svg>
     
    <span
      class="d-none d-lg-block"
    >
       
    </span>
  </button>
   
  <div
    class="d-inline-block h-100"
  >
    <div
      class="dropdown b-dropdown other_actions h-100 btn-group"
    >
      <!---->
      <button
        aria-expanded="false"
        aria-haspopup="true"
        class="btn dropdown-toggle btn-simple-dark dropdown-toggle-no-caret"
        type="button"
      >
        <svg
          aria-hidden="true"
          class="svg-inline--fa fa-3dots fa-w-16 fa-2x"
          data-icon="3dots"
          data-prefix="fas"
          focusable="false"
          role="img"
          viewBox="0 0 12 12"
          xmlns="http://www.w3.org/2000/svg"
        >
          <path
            class=""
            d="M4 5.99998C4 6.55226 3.55228 6.99998 3 6.99998C2.44772 6.99998 2 6.55226 2 5.99998C2 5.44769 2.44772 4.99998 3 4.99998C3.55228 4.99998 4 5.44769 4 5.99998ZM7 5.99998C7 6.55226 6.55228 6.99998 6 6.99998C5.44772 6.99998 5 6.55226 5 5.99998C5 5.44769 5.44772 4.99998 6 4.99998C6.55228 4.99998 7 5.44769 7 5.99998ZM9 6.99998C9.55228 6.99998 10 6.55226 10 5.99998C10 5.44769 9.55228 4.99998 9 4.99998C8.44772 4.99998 8 5.44769 8 5.99998C8 6.55226 8.44772 6.99998 9 6.99998Z"
            fill="currentColor"
          />
        </svg>
         
        <span
          class="d-none d-lg-block"
        >
          
        </span>
      </button>
      <ul
        class="dropdown-menu dropdown-menu-right"
        role="menu"
        tabindex="-1"
      >
         
        <li
          class="shadow-sm"
          role="presentation"
        >
          <a
            class="dropdown-item"
            href="#"
            role="menuitem"
            target="_self"
          >
             
            <div
              class="dropdown-item-content"
            >
              
            
        
            </div>
             
            <!---->
          </a>
        </li>
      </ul>
    </div>
  </div>
</div>
`;
