// Jest Snapshot v1, https://goo.gl/fbAQLP

exports[`BmCheck BmCheck should match snapshot 1`] = `
<div
  class="bm-form-checkbox bm-check custom-control custom-checkbox"
>
  <input
    class="custom-control-input"
    type="checkbox"
    value="true"
  />
  <label
    class="custom-control-label"
  />
</div>
`;
