// Jest Snapshot v1, https://goo.gl/fbAQLP

exports[`BmBanner should match snapshot 1`] = `
<bm-navbar-stub
  class="bm-banner p-0 align-items-stretch d-none d-lg-flex"
  tag="nav"
  type="dark"
  variant="info-dark"
>
  <bm-button-stub
    class="px-3 align-self-center"
    event="click"
    id="all-apps-popover"
    routertag="a"
    tag="button"
    target="_self"
    type="button"
    variant="link"
  >
    <bm-icon-stub
      icon="9dots"
      size="2x"
    />
  </bm-button-stub>
   
  <bm-popover-stub
    boundary="scrollParent"
    boundarypadding="5"
    customclass="apps-popover"
    delay="50"
    fallbackplacement="flip"
    offset="0"
    placement="bottomright"
    target="all-apps-popover"
    triggers="click blur"
    variant="info-dark"
  >
    <div
      class="text-white mb-2 mx-3"
    >
      
    </div>
     
    <bm-row-stub
      class="bm-apps"
      tag="div"
    />
  </bm-popover-stub>
   
  <bm-navbar-brand-stub
    event="click"
    href="#"
    routertag="a"
    tag="div"
    target="_self"
    to="/"
  >
    <svg
      height="30"
      width="120"
    />
  </bm-navbar-brand-stub>
   
  <bm-banner-applications-stub
    applications=""
  />
   
  <div
    class="app-title text-center flex-grow-1 align-self-center font-weight-bold text-uppercase"
  >
    <!---->
  </div>
    
  <bm-banner-user-stub
    user="[object Object]"
  />
</bm-navbar-stub>
`;
