// Jest Snapshot v1, https://goo.gl/fbAQLP

exports[`actions Create fetched folder 1`] = `
Object {
  "foo": Object {
    "default": true,
    "expanded": false,
    "id": "bar-baz",
    "imapName": "bar",
    "key": "foo",
    "mailbox": undefined,
    "name": "bar",
    "parent": null,
    "path": "bar",
    "uid": "bar-baz",
    "unread": 0,
    "writable": undefined,
  },
}
`;

exports[`actions Fetch folders 1`] = `
Object {
  "050ca560-37ae-458a-bd52-c40fedf4068d": Object {
    "default": true,
    "expanded": false,
    "id": 462,
    "imapName": "2017",
    "key": "050ca560-37ae-458a-bd52-c40fedf4068d",
    "mailbox": undefined,
    "name": "2017",
    "parent": "135adc10-db84-440e-aebc-e10d185fa227",
    "path": "Archives/2017",
    "uid": "050ca560-37ae-458a-bd52-c40fedf4068d",
    "unread": 0,
    "writable": undefined,
  },
  "135adc10-db84-440e-aebc-e10d185fa227": Object {
    "default": true,
    "expanded": false,
    "id": 460,
    "imapName": "Archives",
    "key": "135adc10-db84-440e-aebc-e10d185fa227",
    "mailbox": undefined,
    "name": "Archives",
    "parent": null,
    "path": "Archives",
    "uid": "135adc10-db84-440e-aebc-e10d185fa227",
    "unread": 0,
    "writable": undefined,
  },
  "65b51768-8544-4bb3-9950-c6f4fc32a52e": Object {
    "default": true,
    "expanded": false,
    "id": 464,
    "imapName": "Clients",
    "key": "65b51768-8544-4bb3-9950-c6f4fc32a52e",
    "mailbox": undefined,
    "name": "Clients",
    "parent": "050ca560-37ae-458a-bd52-c40fedf4068d",
    "path": "Archives/2017/Clients",
    "uid": "65b51768-8544-4bb3-9950-c6f4fc32a52e",
    "unread": 0,
    "writable": undefined,
  },
  "67201a3a-91cb-4198-a153-85a8174be9e6": Object {
    "default": true,
    "expanded": false,
    "id": 427,
    "imapName": "Drafts",
    "key": "67201a3a-91cb-4198-a153-85a8174be9e6",
    "mailbox": undefined,
    "name": "Drafts",
    "parent": null,
    "path": "Drafts",
    "uid": "67201a3a-91cb-4198-a153-85a8174be9e6",
    "unread": 0,
    "writable": undefined,
  },
  "7998fa63-3854-4ecb-8558-9596065c0128": Object {
    "default": true,
    "expanded": false,
    "id": 423,
    "imapName": "Sent",
    "key": "7998fa63-3854-4ecb-8558-9596065c0128",
    "mailbox": undefined,
    "name": "Sent",
    "parent": null,
    "path": "Sent",
    "uid": "7998fa63-3854-4ecb-8558-9596065c0128",
    "unread": 0,
    "writable": undefined,
  },
  "98a9383e-5156-44eb-936a-e6b0825b0809": Object {
    "default": true,
    "expanded": false,
    "id": 425,
    "imapName": "Trash",
    "key": "98a9383e-5156-44eb-936a-e6b0825b0809",
    "mailbox": undefined,
    "name": "Trash",
    "parent": null,
    "path": "Trash",
    "uid": "98a9383e-5156-44eb-936a-e6b0825b0809",
    "unread": 0,
    "writable": undefined,
  },
  "eb4cc101-60bf-48ac-91ce-7698bd29ba73": Object {
    "default": true,
    "expanded": false,
    "id": 431,
    "imapName": "Outbox",
    "key": "eb4cc101-60bf-48ac-91ce-7698bd29ba73",
    "mailbox": undefined,
    "name": "Outbox",
    "parent": null,
    "path": "Outbox",
    "uid": "eb4cc101-60bf-48ac-91ce-7698bd29ba73",
    "unread": 0,
    "writable": undefined,
  },
  "f1c3f42f-551b-446d-9682-cfe0574b3205": Object {
    "default": true,
    "expanded": false,
    "id": 421,
    "imapName": "INBOX",
    "key": "f1c3f42f-551b-446d-9682-cfe0574b3205",
    "mailbox": undefined,
    "name": "INBOX",
    "parent": null,
    "path": "INBOX",
    "uid": "f1c3f42f-551b-446d-9682-cfe0574b3205",
    "unread": 0,
    "writable": undefined,
  },
  "fd965e68-c276-4db0-a298-01a92d3c9822": Object {
    "default": true,
    "expanded": false,
    "id": 429,
    "imapName": "Junk",
    "key": "fd965e68-c276-4db0-a298-01a92d3c9822",
    "mailbox": undefined,
    "name": "Junk",
    "parent": null,
    "path": "Junk",
    "uid": "fd965e68-c276-4db0-a298-01a92d3c9822",
    "unread": 0,
    "writable": undefined,
  },
}
`;
